// Jest Snapshot v1, https://goo.gl/fbAQLP

exports[`DoctorList snapshot 1`] = `
<DocumentFragment>
  <div
    class="sc-papXJ cjaQRW"
  >
    <div
      class="sc-ftvSup jETrpz"
    >
      <img
        class="sc-jSMfEi hrLfVF"
        src="loader.svg"
      />
    </div>
  </div>
</DocumentFragment>
`;
